2021-03-11 22:34:55,664:INFO:flipkrat.py:Url hitted
2021-03-11 22:34:55,871:INFO:flipkrat.py:login popup handled
2021-03-11 22:34:56,219:INFO:flipkrat.py:Search begins
2021-03-11 22:34:59,039:INFO:flipkrat.py:Data saved in scrapper file
2021-03-11 22:35:58,120:INFO:flipkrat.py:Url hitted
2021-03-11 22:35:58,315:INFO:flipkrat.py:login popup handled
2021-03-11 22:35:58,591:INFO:flipkrat.py:Search begins
2021-03-11 22:36:01,400:INFO:flipkrat.py:Data saved in scrapper file
2021-03-11 22:36:23,309:INFO:flipkrat.py:Url hitted
2021-03-11 22:36:23,496:INFO:flipkrat.py:login popup handled
2021-03-11 22:36:23,770:INFO:flipkrat.py:Search begins
2021-03-11 22:36:33,418:INFO:flipkrat.py:Url hitted
2021-03-11 22:36:33,647:INFO:flipkrat.py:login popup handled
2021-03-11 22:36:34,002:INFO:flipkrat.py:Search begins
2021-03-11 22:36:36,914:INFO:flipkrat.py:Data saved in scrapper file
2021-03-11 22:37:59,845:INFO:flipkrat.py:Thread run completed
2021-03-12 18:10:07,996:INFO:flipkrat.py:Url hitted
2021-03-12 18:10:08,216:INFO:flipkrat.py:login popup handled
2021-03-12 18:10:08,649:INFO:flipkrat.py:Search begins for Nike
2021-03-12 18:10:15,835:INFO:flipkrat.py:Data saved in scrapper file
2021-03-12 18:21:17,976:INFO:flipkrat.py:Url hitted
2021-03-12 18:21:18,307:INFO:flipkrat.py:login popup handled
2021-03-12 18:21:18,661:INFO:flipkrat.py:Search begins for shorts
2021-03-12 18:21:45,120:INFO:flipkrat.py:Thread run completed
2021-03-12 18:51:46,598:INFO:flipkrat.py:Url hitted
2021-03-12 18:51:46,854:INFO:flipkrat.py:login popup handled
2021-03-12 18:51:47,148:INFO:flipkrat.py:Search begins for Nike
2021-03-12 18:51:52,934:INFO:flipkrat.py:Data saved in scrapper file
2021-03-12 18:59:13,412:INFO:flipkrat.py:Url hitted
2021-03-12 18:59:13,585:INFO:flipkrat.py:login popup handled
2021-03-12 18:59:13,871:INFO:flipkrat.py:Search begins for Nike
2021-03-12 18:59:20,027:INFO:flipkrat.py:Data saved in scrapper file
2021-03-12 19:05:39,138:INFO:flipkrat.py:Url hitted
2021-03-12 19:05:39,293:INFO:flipkrat.py:login popup handled
2021-03-12 19:05:39,627:INFO:flipkrat.py:Search begins for Saree
2021-03-12 19:05:45,435:INFO:flipkrat.py:Data saved in scrapper file
2021-03-12 19:48:30,551:INFO:flipkrat.py:Url hitted
2021-03-12 19:48:32,022:INFO:flipkrat.py:login popup handled
2021-03-12 19:48:33,971:INFO:flipkrat.py:Search begins for Nike
2021-03-12 19:48:39,271:INFO:flipkrat.py:Data saved in scrapper file
2021-03-12 19:52:16,469:INFO:flipkrat.py:Url hitted
2021-03-12 19:52:16,797:INFO:flipkrat.py:login popup handled
2021-03-12 19:52:17,244:INFO:flipkrat.py:Search begins for Nike
2021-03-12 19:52:19,627:INFO:flipkrat.py:Data saved in scrapper file
2021-03-12 22:38:31,082:INFO:flipkrat.py:Url hitted
2021-03-12 22:38:31,387:INFO:flipkrat.py:login popup handled
2021-03-12 22:38:31,835:INFO:flipkrat.py:Search begins for Nike
2021-03-12 22:38:38,080:INFO:flipkrat.py:Data saved in scrapper file
2022-06-27 16:42:38,456:INFO:flipkrat.py:Url hitted
2022-06-27 16:43:23,046:INFO:flipkrat.py:Url hitted
2022-06-27 16:43:23,937:INFO:flipkrat.py:login popup handled
2022-06-27 16:43:24,743:INFO:flipkrat.py:Search begins for iphone-12
2022-06-27 16:43:32,510:INFO:flipkrat.py:data saved in scrapper file
2022-06-27 16:46:39,467:INFO:flipkrat.py:Url hitted
2022-06-27 16:46:39,926:INFO:flipkrat.py:login popup handled
2022-06-27 16:46:40,330:INFO:flipkrat.py:Search begins for iphone-13
2022-06-27 16:46:47,825:INFO:flipkrat.py:data saved in scrapper file
2022-06-28 15:11:04,068:INFO:flipkrat.py:Url hitted
2022-06-28 15:11:04,449:INFO:flipkrat.py:login popup handled
2022-06-28 15:11:04,974:INFO:flipkrat.py:Search begins for iphone-13
2022-06-28 15:11:11,835:INFO:flipkrat.py:Data saved in scrapper file
2022-06-28 15:12:26,205:INFO:flipkrat.py:Url hitted
2022-06-28 15:12:26,523:INFO:flipkrat.py:login popup handled
2022-06-28 15:12:26,967:INFO:flipkrat.py:Search begins for iphone-12
2022-06-28 15:12:34,201:INFO:flipkrat.py:data saved in scrapper file
2022-06-28 15:14:54,368:INFO:flipkrat.py:Url hitted
2022-06-28 15:14:54,762:INFO:flipkrat.py:login popup handled
2022-06-28 15:14:55,137:INFO:flipkrat.py:Search begins for iphone-13
2022-06-28 15:15:01,374:INFO:flipkrat.py:Data saved in scrapper file
2022-06-30 13:40:11,898:INFO:flipkrat.py:Url hitted
2022-06-30 13:40:12,293:INFO:flipkrat.py:login popup handled
2022-06-30 13:40:12,913:INFO:flipkrat.py:Search begins for samsung
2022-06-30 13:41:16,625:INFO:flipkrat.py:Url hitted
2022-06-30 13:41:16,814:INFO:flipkrat.py:login popup handled
2022-06-30 13:41:17,563:INFO:flipkrat.py:Search begins for samsung-A51
2022-06-30 13:50:59,140:INFO:flipkrat.py:Url hitted
2022-06-30 13:50:59,355:INFO:flipkrat.py:login popup handled
2022-06-30 13:50:59,984:INFO:flipkrat.py:Search begins for iphone
2022-06-30 13:53:35,361:INFO:flipkrat.py:Url hitted
2022-06-30 13:53:35,777:INFO:flipkrat.py:login popup handled
2022-06-30 13:53:36,718:INFO:flipkrat.py:Search begins for iphone-12
2022-06-30 13:56:17,407:INFO:flipkrat.py:Url hitted
2022-06-30 14:06:44,548:INFO:flipkrat.py:Url hitted
2022-06-30 14:06:44,799:INFO:flipkrat.py:login popup handled
2022-06-30 14:06:45,270:INFO:flipkrat.py:Search begins for iphone-12
2022-06-30 14:06:54,656:INFO:flipkrat.py:Data saved in scrapper file
